layer F.Cu islands 66
LEFT island 0 F.Cu area_mm2 356.91 bbox 0.5 0.5 95.5 75.5
stitch F.Cu island 1 area_mm2 2088.24 via @ 85.2 25.2
LEFT island 2 F.Cu area_mm2 86.57 bbox 0.5 0.5 95.5 75.5
LEFT island 3 F.Cu area_mm2 53.54 bbox 0.5 0.5 95.5 75.5
LEFT island 4 F.Cu area_mm2 9.01 bbox 0.5 0.5 95.5 75.5
LEFT island 5 F.Cu area_mm2 4.53 bbox 0.5 0.5 95.5 75.5
LEFT island 6 F.Cu area_mm2 9.78 bbox 0.5 0.5 95.5 75.5
LEFT island 7 F.Cu area_mm2 15.3 bbox 0.5 0.5 95.5 75.5
LEFT island 8 F.Cu area_mm2 4.81 bbox 0.5 0.5 95.5 75.5
LEFT island 9 F.Cu area_mm2 4.28 bbox 0.5 0.5 95.5 75.5
LEFT island 10 F.Cu area_mm2 2.92 bbox 0.5 0.5 95.5 75.5
LEFT island 11 F.Cu area_mm2 4.67 bbox 0.5 0.5 95.5 75.5
LEFT island 12 F.Cu area_mm2 6.01 bbox 0.5 0.5 95.5 75.5
LEFT island 13 F.Cu area_mm2 20.29 bbox 0.5 0.5 95.5 75.5
LEFT island 14 F.Cu area_mm2 12.78 bbox 0.5 0.5 95.5 75.5
LEFT island 15 F.Cu area_mm2 4.58 bbox 0.5 0.5 95.5 75.5
LEFT island 16 F.Cu area_mm2 5.11 bbox 0.5 0.5 95.5 75.5
LEFT island 17 F.Cu area_mm2 5.91 bbox 0.5 0.5 95.5 75.5
LEFT island 18 F.Cu area_mm2 2.54 bbox 0.5 0.5 95.5 75.5
LEFT island 19 F.Cu area_mm2 1.98 bbox 0.5 0.5 95.5 75.5
LEFT island 20 F.Cu area_mm2 4.44 bbox 0.5 0.5 95.5 75.5
LEFT island 21 F.Cu area_mm2 2.35 bbox 0.5 0.5 95.5 75.5
LEFT island 22 F.Cu area_mm2 3.96 bbox 0.5 0.5 95.5 75.5
LEFT island 23 F.Cu area_mm2 7.54 bbox 0.5 0.5 95.5 75.5
LEFT island 24 F.Cu area_mm2 5.37 bbox 0.5 0.5 95.5 75.5
LEFT island 25 F.Cu area_mm2 7.94 bbox 0.5 0.5 95.5 75.5
LEFT island 26 F.Cu area_mm2 2.92 bbox 0.5 0.5 95.5 75.5
LEFT island 27 F.Cu area_mm2 3.78 bbox 0.5 0.5 95.5 75.5
LEFT island 28 F.Cu area_mm2 1.26 bbox 0.5 0.5 95.5 75.5
LEFT island 29 F.Cu area_mm2 1.18 bbox 0.5 0.5 95.5 75.5
LEFT island 30 F.Cu area_mm2 0.74 bbox 0.5 0.5 95.5 75.5
LEFT island 31 F.Cu area_mm2 0.65 bbox 0.5 0.5 95.5 75.5
LEFT island 32 F.Cu area_mm2 7.05 bbox 0.5 0.5 95.5 75.5
LEFT island 33 F.Cu area_mm2 9.29 bbox 0.5 0.5 95.5 75.5
LEFT island 34 F.Cu area_mm2 1.11 bbox 0.5 0.5 95.5 75.5
LEFT island 35 F.Cu area_mm2 0.73 bbox 0.5 0.5 95.5 75.5
LEFT island 36 F.Cu area_mm2 3.83 bbox 0.5 0.5 95.5 75.5
LEFT island 37 F.Cu area_mm2 2.38 bbox 0.5 0.5 95.5 75.5
LEFT island 38 F.Cu area_mm2 13.75 bbox 0.5 0.5 95.5 75.5
LEFT island 39 F.Cu area_mm2 24.82 bbox 0.5 0.5 95.5 75.5
LEFT island 40 F.Cu area_mm2 0.51 bbox 0.5 0.5 95.5 75.5
LEFT island 41 F.Cu area_mm2 3.15 bbox 0.5 0.5 95.5 75.5
LEFT island 42 F.Cu area_mm2 24.9 bbox 0.5 0.5 95.5 75.5
LEFT island 43 F.Cu area_mm2 18.46 bbox 0.5 0.5 95.5 75.5
LEFT island 44 F.Cu area_mm2 7.41 bbox 0.5 0.5 95.5 75.5
LEFT island 45 F.Cu area_mm2 12.58 bbox 0.5 0.5 95.5 75.5
LEFT island 46 F.Cu area_mm2 6.19 bbox 0.5 0.5 95.5 75.5
LEFT island 47 F.Cu area_mm2 5.99 bbox 0.5 0.5 95.5 75.5
LEFT island 48 F.Cu area_mm2 2.24 bbox 0.5 0.5 95.5 75.5
LEFT island 49 F.Cu area_mm2 7.29 bbox 0.5 0.5 95.5 75.5
LEFT island 50 F.Cu area_mm2 7.9 bbox 0.5 0.5 95.5 75.5
LEFT island 51 F.Cu area_mm2 19.59 bbox 0.5 0.5 95.5 75.5
LEFT island 52 F.Cu area_mm2 6.58 bbox 0.5 0.5 95.5 75.5
LEFT island 53 F.Cu area_mm2 11.03 bbox 0.5 0.5 95.5 75.5
LEFT island 54 F.Cu area_mm2 7.05 bbox 0.5 0.5 95.5 75.5
LEFT island 55 F.Cu area_mm2 9.04 bbox 0.5 0.5 95.5 75.5
LEFT island 56 F.Cu area_mm2 6.31 bbox 0.5 0.5 95.5 75.5
LEFT island 57 F.Cu area_mm2 3.43 bbox 0.5 0.5 95.5 75.5
LEFT island 58 F.Cu area_mm2 6.02 bbox 0.5 0.5 95.5 75.5
LEFT island 59 F.Cu area_mm2 8.3 bbox 0.5 0.5 95.5 75.5
LEFT island 60 F.Cu area_mm2 4.85 bbox 0.5 0.5 95.5 75.5
LEFT island 61 F.Cu area_mm2 11.22 bbox 0.5 0.5 95.5 75.5
LEFT island 62 F.Cu area_mm2 11.5 bbox 0.5 0.5 95.5 75.5
LEFT island 63 F.Cu area_mm2 6.14 bbox 0.5 0.5 95.5 75.5
LEFT island 64 F.Cu area_mm2 5.0 bbox 0.5 0.5 95.5 75.5
LEFT island 65 F.Cu area_mm2 6.87 bbox 0.5 0.5 95.5 75.5
layer B.Cu islands 1
placed 1 left 65
saved
