zone fill layer F.Cu islands 66
stitch F.Cu island 0 area_mm2 356.91 via @ 24.0 62.6
stitch F.Cu island 1 area_mm2 2088.24 via @ 69.2 59.2
stitch F.Cu island 2 area_mm2 86.57 via @ 64.2 63.8
stitch F.Cu island 3 area_mm2 53.54 via @ 61.8 64.4
stitch F.Cu island 4 area_mm2 9.01 via @ 42.6 66.8
stitch F.Cu island 5 area_mm2 4.53 via @ 35.8 65.8
stitch F.Cu island 6 area_mm2 9.78 via @ 38.2 62.4
stitch F.Cu island 7 area_mm2 15.3 via @ 49.0 61.8
stitch F.Cu island 8 area_mm2 4.81 via @ 35.6 63.2
stitch F.Cu island 9 area_mm2 4.28 via @ 31.0 63.0
LEFT island 10 F.Cu area_mm2 2.92 bbox 0.5 0.5 95.5 75.5
stitch F.Cu island 11 area_mm2 4.67 via @ 65.4 60.2
stitch F.Cu island 12 area_mm2 6.01 via @ 34.4 59.2
stitch F.Cu island 13 area_mm2 20.29 via @ 56.6 58.2
stitch F.Cu island 14 area_mm2 12.78 via @ 41.8 58.6
stitch F.Cu island 15 area_mm2 4.58 via @ 28.8 58.4
stitch F.Cu island 16 area_mm2 5.11 via @ 30.4 53.6
LEFT island 17 F.Cu area_mm2 5.91 bbox 0.5 0.5 95.5 75.5
LEFT island 18 F.Cu area_mm2 2.54 bbox 0.5 0.5 95.5 75.5
LEFT island 19 F.Cu area_mm2 1.98 bbox 0.5 0.5 95.5 75.5
LEFT island 20 F.Cu area_mm2 4.44 bbox 0.5 0.5 95.5 75.5
LEFT island 21 F.Cu area_mm2 2.35 bbox 0.5 0.5 95.5 75.5
LEFT island 22 F.Cu area_mm2 3.96 bbox 0.5 0.5 95.5 75.5
stitch F.Cu island 23 area_mm2 7.54 via @ 19.6 50.0
stitch F.Cu island 24 area_mm2 5.37 via @ 69.2 47.2
stitch F.Cu island 25 area_mm2 7.94 via @ 41.2 44.8
LEFT island 26 F.Cu area_mm2 2.92 bbox 0.5 0.5 95.5 75.5
stitch F.Cu island 27 area_mm2 3.78 via @ 59.0 45.6
LEFT island 28 F.Cu area_mm2 1.26 bbox 0.5 0.5 95.5 75.5
LEFT island 29 F.Cu area_mm2 1.18 bbox 0.5 0.5 95.5 75.5
LEFT island 30 F.Cu area_mm2 0.74 bbox 0.5 0.5 95.5 75.5
LEFT island 31 F.Cu area_mm2 0.65 bbox 0.5 0.5 95.5 75.5
stitch F.Cu island 32 area_mm2 7.05 via @ 53.4 43.4
stitch F.Cu island 33 area_mm2 9.29 via @ 33.0 43.4
LEFT island 34 F.Cu area_mm2 1.11 bbox 0.5 0.5 95.5 75.5
LEFT island 35 F.Cu area_mm2 0.73 bbox 0.5 0.5 95.5 75.5
stitch F.Cu island 36 area_mm2 3.83 via @ 56.0 39.8
LEFT island 37 F.Cu area_mm2 2.38 bbox 0.5 0.5 95.5 75.5
stitch F.Cu island 38 area_mm2 13.75 via @ 51.6 36.6
stitch F.Cu island 39 area_mm2 24.82 via @ 36.2 37.2
LEFT island 40 F.Cu area_mm2 0.51 bbox 0.5 0.5 95.5 75.5
LEFT island 41 F.Cu area_mm2 3.15 bbox 0.5 0.5 95.5 75.5
stitch F.Cu island 42 area_mm2 24.9 via @ 53.2 33.0
stitch F.Cu island 43 area_mm2 18.46 via @ 64.0 33.8
stitch F.Cu island 44 area_mm2 7.41 via @ 40.4 33.4
stitch F.Cu island 45 area_mm2 12.58 via @ 60.0 34.0
stitch F.Cu island 46 area_mm2 6.19 via @ 46.8 32.8
stitch F.Cu island 47 area_mm2 5.99 via @ 36.6 29.8
LEFT island 48 F.Cu area_mm2 2.24 bbox 0.5 0.5 95.5 75.5
stitch F.Cu island 49 area_mm2 7.29 via @ 50.0 30.6
stitch F.Cu island 50 area_mm2 7.9 via @ 78.6 29.8
stitch F.Cu island 51 area_mm2 19.59 via @ 64.6 29.0
stitch F.Cu island 52 area_mm2 6.58 via @ 40.6 30.6
stitch F.Cu island 53 area_mm2 11.03 via @ 43.0 28.8
stitch F.Cu island 54 area_mm2 7.05 via @ 72.0 28.4
stitch F.Cu island 55 area_mm2 9.04 via @ 25.6 23.8
stitch F.Cu island 56 area_mm2 6.31 via @ 32.4 27.0
stitch F.Cu island 57 area_mm2 3.43 via @ 76.2 27.2
stitch F.Cu island 58 area_mm2 6.02 via @ 58.4 27.6
stitch F.Cu island 59 area_mm2 8.3 via @ 36.4 26.4
LEFT island 60 F.Cu area_mm2 4.85 bbox 0.5 0.5 95.5 75.5
stitch F.Cu island 61 area_mm2 11.22 via @ 50.0 26.2
stitch F.Cu island 62 area_mm2 11.5 via @ 78.6 25.8
LEFT island 63 F.Cu area_mm2 6.14 bbox 0.5 0.5 95.5 75.5
LEFT island 64 F.Cu area_mm2 5.0 bbox 0.5 0.5 95.5 75.5
stitch F.Cu island 65 area_mm2 6.87 via @ 43.8 23.8
zone fill layer B.Cu islands 1
stitch B.Cu island 0 area_mm2 5.66 via @ 85.67 24.57
placed 46 left 21
saved
