2026-09-17 05:50:15.338 INFO   Freerouting v2.4.1 (build-date: 2026-09-03)
2026-09-17 05:50:15.397 WARN   Unknown command line argument: -gui.enabled=false
2026-09-17 05:50:15.398 WARN   Couldn't get screen resolution. If you are running in a headless environment, disable the GUI by setting gui.enabled to false.
2026-09-17 05:50:16.742 INFO   [15904C\F2CB65] Loading board file 'pp17-pass1.dsn'...
2026-09-17 05:50:16.859 INFO   [15904C\F2CB65] Job '15904C\F2CB65' started at 2026-09-17T05:50:16.859134581Z.
2026-09-17 05:50:17.041 INFO   [15904C\F2CB65] Auto-routing stage started on board 'af5dd8691e19fe652d568115525f2e47' for 350 unrouted items.
2026-09-17 05:50:57.430 INFO   [15904C\F2CB65] Auto-routing pass #1 on board 'af5dd8691e19fe652d568115525f2e47' was completed in 39.28 seconds with score 628.37 (165 unrouted and 0 violations), using 39.05 CPU seconds and the job allocated 249.60 GB of memory so far.
2026-09-17 05:51:26.201 INFO   [15904C\F2CB65] Auto-routing pass #2 on board '8d2fcbed46d3f449c9448b34766702a2' was completed in 28.10 seconds with score 763.51 (105 unrouted and 0 violations), using 67.28 CPU seconds and the job allocated 476.90 GB of memory so far.
2026-09-17 05:52:07.188 INFO   [15904C\F2CB65] Auto-routing pass #3 on board '7761970a1309983c7868a1b809abf946' was completed in 40.20 seconds with score 822.06 (79 unrouted and 0 violations), using 107.33 CPU seconds and the job allocated 723.88 GB of memory so far.
2026-09-17 05:52:44.012 INFO   [15904C\F2CB65] Auto-routing pass #4 on board '329368ca55205613b4620a9eaeccd63e' was completed in 35.55 seconds with score 869.36 (58 unrouted and 0 violations), using 143.42 CPU seconds and the job allocated 967.13 GB of memory so far.
2026-09-17 05:53:09.985 INFO   [15904C\F2CB65] Auto-routing pass #5 on board 'b49fe8684de0e487b6a4390cd76424ae' was completed in 24.99 seconds with score 912.15 (39 unrouted and 0 violations), using 168.74 CPU seconds and the job allocated 1147.96 GB of memory so far.
2026-09-17 05:53:40.810 INFO   [15904C\F2CB65] Auto-routing pass #6 on board 'f64806647e388f2007f37c67df498e56' was completed in 29.80 seconds with score 934.67 (29 unrouted and 0 violations), using 198.07 CPU seconds and the job allocated 1310.09 GB of memory so far.
2026-09-17 05:53:59.939 INFO   [15904C\F2CB65] Auto-routing pass #7 on board '8c60d944b253109502fbc456bfbcc6e8' was completed in 17.98 seconds with score 939.17 (27 unrouted and 0 violations), using 216.64 CPU seconds and the job allocated 1438.37 GB of memory so far.
2026-09-17 05:54:22.665 INFO   [15904C\F2CB65] Auto-routing pass #8 on board '8ce0f9309bcba45000f6ed8c3c3eac18' was completed in 21.62 seconds with score 943.68 (25 unrouted and 0 violations), using 239.16 CPU seconds and the job allocated 1586.85 GB of memory so far.
2026-09-17 05:54:45.560 INFO   [15904C\F2CB65] Auto-routing pass #9 on board 'c8566d034000e06e0e3c6add4fad9daa' was completed in 21.76 seconds with score 941.43 (26 unrouted and 0 violations), using 261.60 CPU seconds and the job allocated 1723.70 GB of memory so far.
2026-09-17 05:55:10.168 INFO   [15904C\F2CB65] Auto-routing pass #10 on board '6505b62346b9e172ac282710d736a527' was completed in 23.36 seconds with score 948.18 (23 unrouted and 0 violations), using 285.93 CPU seconds and the job allocated 1878.82 GB of memory so far.
2026-09-17 05:55:29.356 INFO   [15904C\F2CB65] Auto-routing pass #11 on board 'd3c7c69e6ef88c70dfc6e6b56366ebd0' was completed in 18.01 seconds with score 957.19 (19 unrouted and 0 violations), using 304.45 CPU seconds and the job allocated 2001.06 GB of memory so far.
2026-09-17 05:55:52.053 INFO   [15904C\F2CB65] Auto-routing pass #12 on board 'e6f13b5248f5ac06d672e1c9c584bf9a' was completed in 21.10 seconds with score 957.19 (19 unrouted and 0 violations), using 326.87 CPU seconds and the job allocated 2145.88 GB of memory so far.
2026-09-17 05:56:10.138 INFO   [15904C\F2CB65] Auto-routing pass #13 on board 'e6f13b5248f5ac06d672e1c9c584bf9a' was completed in 17.56 seconds with score 950.43 (22 unrouted and 0 violations), using 344.30 CPU seconds and the job allocated 2285.98 GB of memory so far.
2026-09-17 05:56:26.081 INFO   [15904C\F2CB65] Auto-routing pass #14 on board 'bac4296c6584ddb031571f0a85151b53' was completed in 14.81 seconds with score 966.20 (15 unrouted and 0 violations), using 359.84 CPU seconds and the job allocated 2402.00 GB of memory so far.
2026-09-17 05:56:41.534 INFO   [15904C\F2CB65] Auto-routing pass #15 on board '3c841b60ca8fed5508864b73c2179071' was completed in 14.34 seconds with score 970.70 (13 unrouted and 0 violations), using 374.42 CPU seconds and the job allocated 2498.97 GB of memory so far.
2026-09-17 05:57:05.023 INFO   [15904C\F2CB65] Auto-routing pass #16 on board '1d3f679fcfad945d1429c9ab46159d96' was completed in 21.73 seconds with score 975.21 (11 unrouted and 0 violations), using 396.96 CPU seconds and the job allocated 2596.15 GB of memory so far.
2026-09-17 05:57:15.406 INFO   [15904C\F2CB65] Auto-routing pass #17 on board '6c9e7200ffb69452ac9236d8c72d9aec' was completed in 9.23 seconds with score 977.46 (10 unrouted and 0 violations), using 407.66 CPU seconds and the job allocated 2675.77 GB of memory so far.
2026-09-17 05:57:22.091 INFO   [15904C\F2CB65] Auto-routing pass #18 on board '32279009c7e1c87908b4d71f97f9a769' was completed in 5.52 seconds with score 984.22 (7 unrouted and 0 violations), using 414.46 CPU seconds and the job allocated 2729.04 GB of memory so far.
2026-09-17 05:57:29.730 INFO   [15904C\F2CB65] Auto-routing pass #19 on board 'ae7fc1e4399bd6d8fb45d5710245c1c8' was completed in 6.42 seconds with score 979.71 (9 unrouted and 0 violations), using 421.26 CPU seconds and the job allocated 2779.36 GB of memory so far.
2026-09-17 05:57:40.728 INFO   [15904C\F2CB65] Auto-routing pass #20 on board 'ae7fc1e4399bd6d8fb45d5710245c1c8' was completed in 0.00 seconds with score 984.22 (7 unrouted and 0 violations), using 431.95 CPU seconds and the job allocated 2855.51 GB of memory so far.
2026-09-17 05:57:47.641 INFO   [15904C\F2CB65] Auto-routing pass #21 on board 'ae7fc1e4399bd6d8fb45d5710245c1c8' was completed in 6.35 seconds with score 979.71 (9 unrouted and 0 violations), using 438.71 CPU seconds and the job allocated 2908.47 GB of memory so far.
2026-09-17 05:57:59.225 INFO   [15904C\F2CB65] Auto-routing pass #22 on board 'e2fb1ca4cd9f5df0422ff9702d00fbf0' was completed in 10.49 seconds with score 979.71 (9 unrouted and 0 violations), using 450.35 CPU seconds and the job allocated 2994.48 GB of memory so far.
2026-09-17 05:58:20.035 INFO   [15904C\F2CB65] Auto-routing pass #23 on board '5462f740392b7978aa7ae33e8d5caf80' was completed in 19.70 seconds with score 977.46 (10 unrouted and 0 violations), using 469.86 CPU seconds and the job allocated 3090.76 GB of memory so far.
2026-09-17 05:58:42.471 INFO   [15904C\F2CB65] Auto-routing pass #24 on board 'ae7fc1e4399bd6d8fb45d5710245c1c8' was completed in 0.00 seconds with score 984.22 (7 unrouted and 0 violations), using 492.30 CPU seconds and the job allocated 3201.40 GB of memory so far.
2026-09-17 05:58:49.973 INFO   [15904C\F2CB65] Auto-routing pass #25 on board 'ae7fc1e4399bd6d8fb45d5710245c1c8' was completed in 6.95 seconds with score 979.71 (9 unrouted and 0 violations), using 499.06 CPU seconds and the job allocated 3252.82 GB of memory so far.
2026-09-17 05:59:01.931 INFO   [15904C\F2CB65] Auto-routing pass #26 on board 'e3d03c0725d2478b70a34fddd766d23f' was completed in 10.87 seconds with score 979.71 (9 unrouted and 0 violations), using 510.66 CPU seconds and the job allocated 3338.75 GB of memory so far.
2026-09-17 05:59:12.443 INFO   [15904C\F2CB65] Auto-routing pass #27 on board '4f0ea40fc3fd8b6f067faf7ac92c735b' was completed in 9.33 seconds with score 990.97 (4 unrouted and 0 violations), using 521.30 CPU seconds and the job allocated 3417.15 GB of memory so far.
2026-09-17 05:59:18.179 INFO   [15904C\F2CB65] Auto-routing pass #28 on board '3182236ba5512314eab6ce1b6ed495d1' was completed in 4.58 seconds with score 990.97 (4 unrouted and 0 violations), using 527.12 CPU seconds and the job allocated 3464.71 GB of memory so far.
2026-09-17 05:59:22.624 INFO   [15904C\F2CB65] Auto-routing pass #29 on board '3182236ba5512314eab6ce1b6ed495d1' was completed in 3.87 seconds with score 990.97 (4 unrouted and 0 violations), using 530.97 CPU seconds and the job allocated 3498.05 GB of memory so far.
2026-09-17 05:59:26.713 INFO   [15904C\F2CB65] Auto-routing pass #30 on board '2ed18bda63358ba7aa1ec2c92895c8f8' was completed in 2.95 seconds with score 993.22 (3 unrouted and 0 violations), using 534.84 CPU seconds and the job allocated 3530.47 GB of memory so far.
2026-09-17 05:59:30.957 INFO   [15904C\F2CB65] Auto-routing pass #31 on board 'd57c367e812bb817508e55d0583e389c' was completed in 3.08 seconds with score 993.22 (3 unrouted and 0 violations), using 538.72 CPU seconds and the job allocated 3561.38 GB of memory so far.
2026-09-17 05:59:38.837 INFO   [15904C\F2CB65] Auto-routing pass #32 on board '364747dd9478a01885abbfc5348e13d1' was completed in 6.74 seconds with score 993.22 (3 unrouted and 0 violations), using 546.48 CPU seconds and the job allocated 3608.76 GB of memory so far.
2026-09-17 05:59:44.799 INFO   [15904C\F2CB65] Auto-routing pass #33 on board '1aef380abb5ec17536a9e733b980b093' was completed in 3.97 seconds with score 997.73 (1 unrouted and 0 violations), using 552.34 CPU seconds and the job allocated 3638.02 GB of memory so far.
2026-09-17 05:59:51.245 INFO   [15904C\F2CB65] Auto-routing pass #34 on board '2f5b3ea4ef48c853ba4116bfb5ff098c' was completed in 4.43 seconds with score 995.48 (2 unrouted and 0 violations), using 559.20 CPU seconds and the job allocated 3669.61 GB of memory so far.
2026-09-17 06:00:00.094 INFO   [15904C\F2CB65] Auto-routing pass #35 on board 'b6458abe12bed072876777d3d5910c19' was completed in 5.82 seconds with score 995.48 (2 unrouted and 0 violations), using 567.01 CPU seconds and the job allocated 3707.68 GB of memory so far.
2026-09-17 06:00:06.474 INFO   [15904C\F2CB65] Auto-routing pass #36 on board '2f5b3ea4ef48c853ba4116bfb5ff098c' was completed in 0.00 seconds with score 997.73 (1 unrouted and 0 violations), using 573.75 CPU seconds and the job allocated 3759.71 GB of memory so far.
2026-09-17 06:00:09.597 INFO   [15904C\F2CB65] Auto-routing pass #37 on board '2f5b3ea4ef48c853ba4116bfb5ff098c' was completed in 2.53 seconds with score 995.48 (2 unrouted and 0 violations), using 576.64 CPU seconds and the job allocated 3783.35 GB of memory so far.
2026-09-17 06:00:14.854 INFO   [15904C\F2CB65] Auto-routing pass #38 on board '5f35cab4fd6857d7b0179b17bba930bf' was completed in 3.63 seconds with score 995.48 (2 unrouted and 0 violations), using 581.47 CPU seconds and the job allocated 3824.52 GB of memory so far.
2026-09-17 06:00:20.577 INFO   [15904C\F2CB65] Auto-routing pass #39 on board 'bc585138881a1670527d6ee2e10d559a' was completed in 4.09 seconds with score 988.72 (5 unrouted and 0 violations), using 587.26 CPU seconds and the job allocated 3869.95 GB of memory so far.
2026-09-17 06:00:28.432 INFO   [15904C\F2CB65] Auto-routing pass #40 on board '2f5b3ea4ef48c853ba4116bfb5ff098c' was completed in 0.00 seconds with score 997.73 (1 unrouted and 0 violations), using 594.99 CPU seconds and the job allocated 3931.07 GB of memory so far.
2026-09-17 06:00:31.501 INFO   [15904C\F2CB65] Auto-routing pass #41 on board '2f5b3ea4ef48c853ba4116bfb5ff098c' was completed in 2.51 seconds with score 995.48 (2 unrouted and 0 violations), using 597.89 CPU seconds and the job allocated 3955.43 GB of memory so far.
2026-09-17 06:00:36.984 INFO   [15904C\F2CB65] Auto-routing pass #42 on board '625c61a7423c926c295d96e1c8e0f4be' was completed in 3.76 seconds with score 995.48 (2 unrouted and 0 violations), using 602.72 CPU seconds and the job allocated 3995.04 GB of memory so far.
2026-09-17 06:00:42.363 INFO   [15904C\F2CB65] Auto-routing pass #43 on board '78d9993de050a7872b0c65153124deb1' was completed in 3.73 seconds with score 990.97 (4 unrouted and 0 violations), using 608.53 CPU seconds and the job allocated 4043.61 GB of memory so far.
2026-09-17 06:00:42.413 INFO   [15904C\F2CB65] The router's best score (997.73) has not improved by more than 0.5 points since pass #33. Stopping the auto-router after 43 passes (1 item still unconnected).
The following connections could not be routed -- please review your design (e.g. check pad clearances, trace width rules, and available routing space):
  Net '/B:08_NODE' (1 unrouted connection):
    - via  ->  U8-9
  Net '/B:10_NODE' (2 unrouted connections):
    - U5-5  ->  U9-5
    - U5-5  ->  D39-6
  Net '/SENSE_HI_EN' (1 unrouted connection):
    - via  ->  U9-2
2026-09-17 06:00:44.586 INFO   [15904C\F2CB65] Auto-routing stage completed: started with 350 unrouted nets, completed in 627.11 seconds, final score: 997.73 (1 unrouted and 0 violations), using 610.47 total CPU seconds, 4060.30 GB total allocated, and 1208.6 MB peak heap usage.
2026-09-17 06:00:45.163 INFO   [15904C\F2CB65] Optimization stage started on board '3a166a1ce12ab8f3a2caf9c9273c5717' with score 957.19 (19 unrouted and 0 violations).
2026-09-17 06:01:51.128 INFO   [15904C\F2CB65] Stopping optimization pass #1 early after 50 consecutive items could not be improved.
2026-09-17 06:01:51.734 INFO   [15904C\F2CB65] Optimizer pass #1 on board '1956615699c719c90829f1ca4702aa3d' was completed in 64.81 seconds with the score of 957.19 (19 unrouted and 0 violations).
2026-09-17 06:01:52.317 INFO   [15904C\F2CB65] Stopping optimizer because the improvement in this pass (0.0000%) is below the threshold (1.00%).
2026-09-17 06:01:52.886 INFO   [15904C\F2CB65] Optimization stage completed: started with score 957.19 (19 unrouted and 0 violations), completed in 67.16 seconds, final score: 957.19 (19 unrouted and 0 violations), using 65.61 total CPU seconds, 465.66 GB total allocated, and 854.1 MB peak heap usage.
2026-09-17 06:01:52.908 INFO   [15904C\F2CB65] Job '15904C\F2CB65' finished with state: COMPLETED (elapsed: 11 minutes 36.05 seconds, finished at UTC: 2026-09-17T06:01:52.907608367Z).
2026-09-17 06:01:53.387 INFO   Saving output file '/home/rwrife/repos/pinpath/.worktrees/issue-4-20260917/hardware/router/pp17-pass1.ses' (SES)...
2026-09-17 06:01:53.400 INFO   Successfully saved output file '/home/rwrife/repos/pinpath/.worktrees/issue-4-20260917/hardware/router/pp17-pass1.ses' (172140 bytes).
